// Jest Snapshot v1, https://goo.gl/fbAQLP

exports[`Input component should render snapshot 1`] = `
.c1 {
  width: 100%;
}

.c4 {
  font-size: 1rem;
  font-weight: 700;
  line-height: 1.33;
  -webkit-align-items: center;
  -webkit-box-align: center;
  -ms-flex-align: center;
  align-items: center;
  display: -webkit-box;
  display: -webkit-flex;
  display: -ms-flexbox;
  display: flex;
  font-size: inherit;
  font-weight: normal;
  padding-right: .25rem;
  text-align: center;
  white-space: nowrap;
}

.c5 {
  font-size: 1rem;
  font-weight: 700;
  line-height: 1.33;
  border: 0;
  -webkit-flex: 1 1 auto;
  -ms-flex: 1 1 auto;
  flex: 1 1 auto;
  font-size: inherit;
  font-weight: normal;
  width: 1%;
}

.c5 {
  font-size: 1rem;
  font-weight: 700;
  line-height: 1.33;
  border: 0;
  -webkit-flex: 1 1 auto;
  -ms-flex: 1 1 auto;
  flex: 1 1 auto;
  font-size: inherit;
  font-weight: normal;
  width: 1%;
}

.c5 {
  font-size: 1rem;
  font-weight: 700;
  line-height: 1.33;
  border: 0;
  -webkit-flex: 1 1 auto;
  -ms-flex: 1 1 auto;
  flex: 1 1 auto;
  font-size: inherit;
  font-weight: normal;
  width: 1%;
}

.c5 {
  font-size: 1rem;
  font-weight: 700;
  line-height: 1.33;
  border: 0;
  -webkit-flex: 1 1 auto;
  -ms-flex: 1 1 auto;
  flex: 1 1 auto;
  font-size: inherit;
  font-weight: normal;
  width: 1%;
}

.c5:focus {
  outline: none;
}

.c5:-webkit-autofill,
.c5:-webkit-autofill:hover,
.c5:-webkit-autofill:focus {
  background-color: transparent !important;
  -webkit-box-shadow: none !important;
  -webkit-text-fill-color: #000;
  -webkit-transition: background-color 5000s ease-in-out 0s;
  transition: background-color 5000s ease-in-out 0s;
}

.c2 {
  display: block;
  font-weight: 700;
  line-height: 1;
  font-size: 1rem;
  font-weight: 700;
  line-height: 1.33;
  padding-bottom: .25rem;
}

.c3 {
  -webkit-align-items: stretch;
  -webkit-box-align: stretch;
  -ms-flex-align: stretch;
  align-items: stretch;
  display: -webkit-box;
  display: -webkit-flex;
  display: -ms-flexbox;
  display: flex;
  -webkit-flex-wrap: wrap;
  -ms-flex-wrap: wrap;
  flex-wrap: wrap;
  font-size: 1rem;
  font-weight: 300;
  margin-bottom: .25rem;
  padding: .25rem .25rem .25rem 0;
  line-height: 1.5;
  position: relative;
  width: 100%;
}

.c7 {
  bottom: 0;
  display: block;
  height: 2px;
  left: 0;
  position: absolute;
  right: 0;
  -webkit-transition: background-color 0.2s ease-out;
  transition: background-color 0.2s ease-out;
  width: 100%;
}

.c6 {
  -webkit-align-items: center;
  -webkit-box-align: center;
  -ms-flex-align: center;
  align-items: center;
  display: -webkit-box;
  display: -webkit-flex;
  display: -ms-flexbox;
  display: flex;
  font-size: inherit;
  font-size: 1rem;
  font-weight: 700;
  line-height: 1.33;
  white-space: nowrap;
}

.c6 > svg {
  display: block;
  height: 1.125rem;
  width: 1.125rem;
}

.c0 {
  border-width: 1px;
  border-style: solid;
  border-radius: 4px;
}

<div
  className="c0"
  style={
    Object {
      "borderColor": "rgba(255, 255, 255, 1)",
      "margin": "0.5rem 0",
      "padding": 0,
    }
  }
>
  <div
    className="c1"
  >
    <label
      className="c2"
    >
      Ingrese su celular
       
    </label>
    <div
      className="c3"
      size="small"
    >
      <span
        className="c4"
        size="small"
      >
        15
      </span>
      <input
        className="c5"
        data="phone"
        data-w="phone"
        label="Ingrese su celular"
        name="phone"
        onBlur={[Function]}
        onFocus={[Function]}
        placeholder="42424242"
        prefix="15"
        size="small"
        style={
          Object {
            "fontSize": "1rem",
          }
        }
      />
      <span
        className="c6"
        size="small"
      />
      <div
        className="c7"
        data="phone"
        label="Ingrese su celular"
        name="phone"
        onBlur={[Function]}
        onChange={null}
        onFocus={[Function]}
        placeholder="42424242"
        prefix="15"
        size="small"
        style={
          Object {
            "fontSize": "1rem",
          }
        }
      />
    </div>
  </div>
</div>
`;
