// Jest Snapshot v1, https://goo.gl/fbAQLP

exports[`GlobalStyle component should render globalStyle snapshot 1`] = `null`;
