// Jest Snapshot v1, https://goo.gl/fbAQLP

exports[`Checkbox component should render snapshot 1`] = `
.c0 {
  font-size: 16px;
  position: relative;
}

.c0 input[type='checkbox'] {
  height: 1.25rem;
  left: 0;
  margin: 0;
  opacity: 0;
  position: absolute;
  top: 0;
  width: 1.25rem;
  z-index: 1;
}

.c0 span:nth-of-type(1) {
  background-color: transparent;
  border: 1px solid #0082ff;
  border-radius: 4px;
  color: #ffffff;
  height: 1.25rem;
  left: 0;
  position: absolute;
  top: .5rem;
  -webkit-transition: border-color,background-color 0.2s ease-in-out;
  transition: border-color,background-color 0.2s ease-in-out;
  width: 1.25rem;
}

.c0 input:checked + span {
  background-color: #0082ff;
  padding: 1px;
}

.c0 input:checked + span::after {
  content: '';
  display: block;
}

.c1 {
  display: block;
  font-size: 1rem;
  font-weight: 400;
  line-height: 1.25;
  padding-bottom: .5rem;
  padding-left: 2rem;
  padding-top: .5rem;
}

<div
  className="c0"
>
  <label
    className="c1"
  >
    <input
      className="test-checkbox"
      data-w="checkbox"
      type="checkbox"
    />
    <span>
      <svg
        viewBox="0 0 512 512"
        xmlns="http://www.w3.org/2000/svg"
      >
        <path
          d="M435.848 83.466L172.804 346.51l-96.652-96.652c-4.686-4.686-12.284-4.686-16.971 0l-28.284 28.284c-4.686 4.686-4.686 12.284 0 16.971l133.421 133.421c4.686 4.686 12.284 4.686 16.971 0l299.813-299.813c4.686-4.686 4.686-12.284 0-16.971l-28.284-28.284c-4.686-4.686-12.284-4.686-16.97 0z"
          fill="currentColor"
        />
      </svg>
    </span>
    Checkbox
  </label>
</div>
`;
