// Jest Snapshot v1, https://goo.gl/fbAQLP

exports[`Loading component should render snapshot 1`] = `
.c0 {
  display: -webkit-box;
  display: -webkit-flex;
  display: -ms-flexbox;
  display: flex;
  height: 100%;
  position: fixed;
  top: 0;
  width: 100%;
  z-index: 1020;
}

.c1 {
  -webkit-align-items: center;
  -webkit-box-align: center;
  -ms-flex-align: center;
  align-items: center;
  background: #ffffff;
  display: -webkit-box;
  display: -webkit-flex;
  display: -ms-flexbox;
  display: flex;
  -webkit-box-pack: center;
  -webkit-justify-content: center;
  -ms-flex-pack: center;
  justify-content: center;
  -webkit-flex-direction: column;
  -ms-flex-direction: column;
  flex-direction: column;
  width: 100%;
}

<div
  className="c0"
  data-w="loading"
>
  <div
    style={
      Object {
        "width": 0,
      }
    }
  />
  <div
    className="c1"
  >
    <img
      alt="Cargando"
      height="80"
      src="./public/welp_ar/loader.svg"
    />
  </div>
</div>
`;
