// Jest Snapshot v1, https://goo.gl/fbAQLP

exports[`RadioButton component should render snapshot 1`] = `
.c0 {
  display: block;
}

.c0 input {
  left: 0;
  opacity: 0;
  position: absolute;
  top: 0;
}

.c0 span {
  background-color: #ffffff;
  border: 1px solid #0082ff;
  border-radius: 50%;
  height: 1rem;
  position: absolute;
  top: 1.125rem;
  -webkit-transition: border-color,background-color 0.2s ease-in-out;
  transition: border-color,background-color 0.2s ease-in-out;
  width: 1rem;
}

.c0 input:checked ~ span {
  background-color: #0082ff;
  border-color: #0082ff;
}

.c0 input:checked ~ span:after {
  display: block;
}

.c2 {
  color: inherit;
  display: block;
  font-size: 1rem;
  font-weight: 400;
  line-height: 1.25;
  padding: 1rem 1rem 1rem 2.5rem;
}

.c1 {
  background-color: #ffffff;
  border: 1px solid rgba(29,44,81,0.15);
  display: block;
  margin-bottom: .5rem;
  margin-right: 0;
  position: relative;
  -webkit-transition: border-color,background-color 0.2s ease-in-out;
  transition: border-color,background-color 0.2s ease-in-out;
}

.c1 label {
  padding: 1rem 1rem 1rem 2.5rem;
}

.c1 span {
  left: 1rem;
}

<div
  className="c0"
>
  <div
    className="c1"
    selected={false}
  >
    <label
      className="c2"
    >
      <input
        checked={false}
        data-w="test1"
        name="test"
        onChange={[Function]}
        type="radio"
        value="test1"
      />
      <span />
      test1
    </label>
  </div>
  <div
    className="c1"
    selected={false}
  >
    <label
      className="c2"
    >
      <input
        checked={false}
        data-w="test2"
        name="test"
        onChange={[Function]}
        type="radio"
        value="test2"
      />
      <span />
      test2
    </label>
  </div>
</div>
`;
