// Jest Snapshot v1, https://goo.gl/fbAQLP

exports[`Stepper component should render snapshot 1`] = `
.c0 {
  box-sizing: border-box;
  display: -webkit-box;
  display: -webkit-flex;
  display: -ms-flexbox;
  display: flex;
  -webkit-align-items: center;
  -webkit-box-align: center;
  -ms-flex-align: center;
  align-items: center;
  background-color: #ffffff;
  padding: 0.5rem 0.5rem;
  position: -webkit-sticky;
  position: sticky;
  top: 0;
  z-index: 1021;
}

.c1 {
  box-sizing: border-box;
  display: -webkit-box;
  display: -webkit-flex;
  display: -ms-flexbox;
  display: flex;
  -webkit-align-items: center;
  -webkit-box-align: center;
  -ms-flex-align: center;
  align-items: center;
  -webkit-flex-basis: 100%;
  -ms-flex-preferred-size: 100%;
  flex-basis: 100%;
}

.c1:last-child {
  -webkit-flex-basis: 0;
  -ms-flex-preferred-size: 0;
  flex-basis: 0;
}

.c5 {
  box-sizing: border-box;
  max-width: 100%;
  height: auto;
  background-color: #73baff;
  border: 2px solid #73baff;
  border-radius: 16px;
  height: 1rem;
  max-width: initial;
  width: 1rem;
}

.c2 {
  -webkit-animation: bcCCNc 0.3s ease-in;
  animation: bcCCNc 0.3s ease-in;
  border-radius: 50%;
  -webkit-flex: none;
  -ms-flex: none;
  flex: none;
  height: 8px;
  box-shadow: 0px 0px 0px .25rem #3a66ab inset;
  width: .75rem;
  height: .75rem;
  -webkit-transition: box-shadow 0.2s ease-out;
  transition: box-shadow 0.2s ease-out;
}

.c4 {
  -webkit-animation: bcCCNc 0.3s ease-in;
  animation: bcCCNc 0.3s ease-in;
  border-radius: 50%;
  -webkit-flex: none;
  -ms-flex: none;
  flex: none;
  height: 8px;
  border: 2px solid #73baff;
  background-color: #fff;
  width: .5rem;
  height: .5rem;
  -webkit-transition: box-shadow 0.2s ease-out;
  transition: box-shadow 0.2s ease-out;
}

.c3 {
  background-color: #ccc;
  height: 2px;
  width: 100%;
  background-color: #73baff;
  margin-left: 2px;
  margin-right: 2px;
  width: 100%;
}

<div
  className="c0"
  style={Object {}}
>
  <div
    className="c1"
  >
    <div
      className="c2"
      size={8}
    />
    <div
      className="c3"
    />
  </div>
  <div
    className="c1"
  >
    <div
      className="c4"
      size={8}
    />
    <div
      className="c3"
    />
  </div>
  <div
    className="c1"
  >
    <div
      className="c4"
      size={8}
    />
    <div
      className="c3"
    />
  </div>
  <div
    className="c1"
  >
    <div
      className="c4"
      size={8}
    />
    <div
      className="c3"
    />
  </div>
  <div
    className="c1"
  >
    <img
      className="c5"
      size={16}
      src="data:image/svg+xml,%3Csvg xmlns='http://www.w3.org/2000/svg' width='6.816' height='11.341' viewBox='0 0 6.816 11.341'%3E%3Cdefs%3E%3Cstyle%3E.a%7Bfill:%23fff;%7D%3C/style%3E%3C/defs%3E%3Cpath class='a' d='M7.02-2.532A2.287,2.287,0,0,1,6.354-.876a3.291,3.291,0,0,1-1.794.9V.612a.8.8,0,0,1-.234.6.832.832,0,0,1-.606.228.832.832,0,0,1-.606-.228.8.8,0,0,1-.234-.6V.072A5.391,5.391,0,0,1,.6-.708a.816.816,0,0,1-.306-.3A.941.941,0,0,1,.2-1.452a.972.972,0,0,1,.21-.624.621.621,0,0,1,.5-.264.906.906,0,0,1,.288.048,2.153,2.153,0,0,1,.372.18,4.445,4.445,0,0,0,.984.408,3.807,3.807,0,0,0,.972.12,1.813,1.813,0,0,0,.966-.21.7.7,0,0,0,.33-.63.511.511,0,0,0-.2-.414A1.507,1.507,0,0,0,4.134-3.1q-.294-.1-.858-.24A11.565,11.565,0,0,1,1.8-3.8a2.542,2.542,0,0,1-1-.732,2.008,2.008,0,0,1-.42-1.338,2.343,2.343,0,0,1,.672-1.668,3.292,3.292,0,0,1,1.776-.936v-.6a.794.794,0,0,1,.24-.594.825.825,0,0,1,.6-.234.832.832,0,0,1,.606.228.8.8,0,0,1,.234.6v.564a5.1,5.1,0,0,1,1.944.756.882.882,0,0,1,.306.318.919.919,0,0,1,.09.426.955.955,0,0,1-.216.624.638.638,0,0,1-.5.264.8.8,0,0,1-.276-.048,3.479,3.479,0,0,1-.384-.18q-.084-.048-.372-.2a3.1,3.1,0,0,0-.618-.24,2.658,2.658,0,0,0-.7-.09,1.5,1.5,0,0,0-.876.234.73.73,0,0,0-.336.63.615.615,0,0,0,.384.576,5.877,5.877,0,0,0,1.212.384,10.117,10.117,0,0,1,1.458.432,2.43,2.43,0,0,1,.984.732A2.072,2.072,0,0,1,7.02-2.532Z' transform='translate(-0.204 9.9)'/%3E%3C/svg%3E"
    />
  </div>
</div>
`;
