// Jest Snapshot v1, https://goo.gl/fbAQLP

exports[`TextTransform component should render snapshot 1`] = `
.c0 {
  margin: 0;
}

<span
  className="c0"
/>
`;
