// Jest Snapshot v1, https://goo.gl/fbAQLP

exports[`FormBlock component should render snapshot 1`] = `
.c0 {
  padding-bottom: 2rem;
}

<div
  className="test-formBlock c0"
>
  FormBlock container
</div>
`;
