// Jest Snapshot v1, https://goo.gl/fbAQLP

exports[`Select component should render snapshot 1`] = `
.c2 {
  width: 100%;
}

.c5 {
  font-size: 1rem;
  font-weight: 700;
  line-height: 1.33;
  border: 0;
  -webkit-flex: 1 1 auto;
  -ms-flex: 1 1 auto;
  flex: 1 1 auto;
  font-size: inherit;
  font-weight: normal;
  width: 1%;
}

.c5:focus {
  outline: none;
}

.c5:focus ~ div {
  background-color: #c346f9;
}

.c5:-webkit-autofill,
.c5:-webkit-autofill:hover,
.c5:-webkit-autofill:focus {
  background-color: transparent !important;
  -webkit-box-shadow: none !important;
  -webkit-text-fill-color: #000;
  -webkit-transition: background-color 5000s ease-in-out 0s;
  transition: background-color 5000s ease-in-out 0s;
}

.c5::-webkit-input-placeholder {
  color: #d5d8df;
}

.c5::-moz-placeholder {
  color: #d5d8df;
}

.c5:-ms-input-placeholder {
  color: #d5d8df;
}

.c5::placeholder {
  color: #d5d8df;
}

.c3 {
  display: block;
  font-weight: 700;
  line-height: 1;
  font-size: 1rem;
  font-weight: 700;
  line-height: 1.33;
  padding-bottom: .25rem;
}

.c4 {
  -webkit-align-items: stretch;
  -webkit-box-align: stretch;
  -ms-flex-align: stretch;
  align-items: stretch;
  display: -webkit-box;
  display: -webkit-flex;
  display: -ms-flexbox;
  display: flex;
  -webkit-flex-wrap: wrap;
  -ms-flex-wrap: wrap;
  flex-wrap: wrap;
  font-size: 1rem;
  font-weight: 300;
  margin-bottom: .25rem;
  padding: .25rem .25rem .25rem 0;
  line-height: 1.5;
  position: relative;
  width: 100%;
}

.c7 {
  background-color: #3a66ab;
  bottom: 0;
  display: block;
  height: 1px;
  left: 0;
  position: absolute;
  right: 0;
  -webkit-transition: background-color 0.2s ease-out;
  transition: background-color 0.2s ease-out;
  width: 100%;
}

.c6 {
  -webkit-align-items: center;
  -webkit-box-align: center;
  -ms-flex-align: center;
  align-items: center;
  display: -webkit-box;
  display: -webkit-flex;
  display: -ms-flexbox;
  display: flex;
  font-size: inherit;
  font-size: 1rem;
  font-weight: 700;
  line-height: 1.33;
  white-space: nowrap;
}

.c6 > svg {
  display: block;
  height: 1.125rem;
  width: 1.125rem;
}

.c0 {
  position: relative;
}

.c8 {
  -webkit-align-items: center;
  -webkit-box-align: center;
  -ms-flex-align: center;
  align-items: center;
  background-color: transparent;
  border: none;
  border-radius: 50%;
  bottom: 0.25rem;
  cursor: pointer;
  display: -webkit-box;
  display: -webkit-flex;
  display: -ms-flexbox;
  display: flex;
  height: 1.875rem;
  margin-left: 0.75rem;
  opacity: 1;
  padding-bottom: .25rem;
  padding-left: .25rem;
  padding-right: .25rem;
  padding-top: .25rem;
  pointer-events: initial;
  position: absolute;
  right: 0;
  white-space: nowrap;
  width: 1.875rem;
}

.c8:focus {
  outline: none;
}

.c8 > svg {
  height: 1.5rem;
  width: 1.5rem;
}

.c1 {
  -webkit-align-items: stretch;
  -webkit-box-align: stretch;
  -ms-flex-align: stretch;
  align-items: stretch;
  display: -webkit-box;
  display: -webkit-flex;
  display: -ms-flexbox;
  display: flex;
  -webkit-flex-wrap: wrap;
  -ms-flex-wrap: wrap;
  flex-wrap: wrap;
  position: relative;
  width: 100%;
}

.c1 input + span {
  display: none;
}

<div
  className="c0"
>
  <div
    aria-expanded={false}
    aria-haspopup="listbox"
    aria-labelledby="downshift-0-label"
    aria-owns={null}
    role="combobox"
  >
    <div
      className="c1"
    >
      <div
        className="c2"
      >
        <label
          className="c3"
        >
          Seleccione un brand
           
        </label>
        <div
          className="c4"
          size="default"
        >
          <input
            aria-activedescendant={null}
            aria-autocomplete="list"
            aria-controls={null}
            aria-labelledby="downshift-0-label"
            autoComplete="off"
            className="c5"
            data="select"
            data-testid="semantic-ui-input"
            data-w="select"
            id="downshift-0-input"
            label="Seleccione un brand"
            onBlur={[Function]}
            onChange={[Function]}
            onFocus={[Function]}
            onKeyDown={[Function]}
            placeholder="Ingrese un brand"
            prefix={null}
            size="default"
            value=""
          />
          <span
            className="c6"
            size="default"
          />
          <div
            aria-activedescendant={null}
            aria-autocomplete="list"
            aria-controls={null}
            aria-labelledby="downshift-0-label"
            autoComplete="off"
            className="c7"
            data="select"
            data-testid="semantic-ui-input"
            id="downshift-0-input"
            label="Seleccione un brand"
            onBlur={[Function]}
            onChange={[Function]}
            onFocus={[Function]}
            onKeyDown={[Function]}
            placeholder="Ingrese un brand"
            prefix={null}
            size="default"
            value=""
          />
        </div>
      </div>
      <button
        aria-haspopup={true}
        aria-label="open menu"
        className="c8"
        data-testid="semantic-ui-toggle-button"
        data-toggle={true}
        onBlur={[Function]}
        onClick={[Function]}
        onKeyDown={[Function]}
        onKeyUp={[Function]}
        role="button"
        type="button"
      >
        <svg
          transform={null}
          viewBox="2 2 20 20"
          xmlns="http://www.w3.org/2000/svg"
        >
          <path
            d="M7.41 8.59L12 13.17l4.59-4.58L18 10l-6 6-6-6 1.41-1.41z"
            fill="#979797"
          />
          <path
            d="M0 0h24v24H0V0z"
            fill="none"
          />
        </svg>
      </button>
      <div
        className="select-block--underline"
      />
    </div>
  </div>
</div>
`;
